
=== dense ===
    C   sp   k  out  cuDNN_ms   win_ms   ratio  spread
   30   16   3   14      0.05     0.09    0.55  [0.49,0.57]
   30   16   5   12      0.09     0.11    0.83  [0.76,0.86]
   30   16   7   10      0.18     0.18    1.02  [0.94,1.03]
   30   16   9    8      0.35     0.18    1.89  [1.89,1.90]
   30   16  11    6      0.60     0.25    2.36  [2.36,2.39]
   30   32   3   30      0.11     0.19    0.58  [0.56,0.59]
   30   32   5   28      0.39     0.61    0.65  [0.58,0.67]
   30   32   7   26      0.85     1.20    0.71  [0.67,0.73]
   30   32   9   24      1.30     1.52    0.86  [0.69,0.89]
   30   32  11   22      2.16     2.09    1.03  [0.68,1.06]
   30   64   3   62      1.46     2.00    0.73  [0.33,0.79]
   30   64   5   60      3.66     6.22    0.59  [0.40,0.61]
   30   64   7   58      7.88    13.95    0.57  [0.43,0.59]
   30   64   9   56     14.87    19.17    0.78  [0.64,0.82]
   30   64  11   54     24.19    31.12    0.78  [0.70,0.83]
   60   16   3   14      0.06     0.11    0.52  [0.52,0.53]
   60   16   5   12      0.14     0.16    0.90  [0.89,0.91]
   60   16   7   10      0.24     0.34    0.69  [0.69,0.73]
   60   16   9    8      0.46     0.35    1.32  [1.31,1.33]
   60   16  11    6      0.89     0.47    1.90  [1.89,1.97]
   60   32   3   30      0.32     0.47    0.69  [0.47,0.85]
   60   32   5   28      1.17     1.37    0.85  [0.79,1.49]
   60   32   7   26      2.46     2.53    0.97  [0.96,1.06]
   60   32   9   24      3.72     3.66    1.02  [1.01,1.11]
   60   32  11   22      7.40     6.56    1.13  [1.07,1.35]
   60   64   3   62      3.38     5.16    0.65  [0.60,0.67]
   60   64   5   60     13.53    13.61    0.99  [0.92,1.05]
   60   64   7   58     26.16    29.30    0.89  [0.77,1.04]
   60   64   9   56     50.80    42.30    1.20  [1.18,1.26]
   60   64  11   54     85.00    78.00    1.09  [1.07,1.11]
  120   16   3   14      0.12     0.14    0.82  [0.82,0.83]
  120   16   5   12      0.40     0.41    0.97  [0.84,0.97]
  120   16   7   10      0.60     0.69    0.87  [0.76,1.00]
  120   16   9    8      1.07     0.85    1.25  [1.23,1.30]
  120   16  11    6      1.75     0.98    1.78  [1.57,1.81]
  120   32   3   30      1.38     1.78    0.77  [0.30,1.15]
  120   32   5   28      4.70     5.07    0.93  [0.72,1.08]
  120   32   7   26      8.11    10.29    0.79  [0.65,0.83]
  120   32   9   24     13.73    16.66    0.82  [0.66,0.86]
  120   32  11   22     20.01    27.03    0.74  [0.73,0.82]
  120   64   3   62      9.21    14.18    0.65  [0.50,0.72]
  120   64   5   60     36.89    42.07    0.88  [0.83,0.97]
  120   64   7   58    100.06    94.21    1.06  [1.04,1.12]
  120   64   9   56    220.54   171.85    1.28  [1.19,1.34]
  120   64  11   54    406.14   279.67    1.45  [1.42,1.52]
  240   16   3   14      0.41     0.48    0.84  [0.79,0.96]
  240   16   5   12      1.39     1.39    1.00  [0.94,1.12]
  240   16   7   10      3.22     1.97    1.63  [1.20,1.70]
  240   16   9    8      2.95     2.71    1.09  [1.07,1.17]
  240   16  11    6      3.74     2.87    1.30  [1.28,1.39]
  240   32   3   30      4.55     5.10    0.89  [0.67,0.90]
  240   32   5   28     18.77    17.16    1.09  [0.83,1.20]
  240   32   7   26     30.49    29.11    1.05  [0.99,1.09]
  240   32   9   24     56.22    50.62    1.11  [1.07,1.14]
  240   32  11   22     90.49    77.33    1.17  [0.97,1.24]
  240   64   3   62     31.53    39.18    0.80  [0.78,0.83]
  240   64   5   60    185.84   130.80    1.42  [1.35,1.50]
  240   64   7   58    528.57   326.60    1.62  [1.58,1.63]
  240   64   9   56   1059.95   629.05    1.68  [1.56,1.72]
  240   64  11   54   1830.45  1095.46    1.67  [1.63,1.72]

=== depthwise ===
    C   sp   k  out  cuDNN_ms   win_ms   ratio  spread
   30   16   3   14      0.01     0.07    0.18  [0.18,0.20]
   30   16   5   12      0.02     0.07    0.33  [0.31,0.34]
   30   16   7   10      0.04     0.07    0.55  [0.49,0.56]
   30   16   9    8      0.05     0.08    0.61  [0.60,0.62]
   30   16  11    6      0.07     0.11    0.65  [0.65,0.67]
   30   32   3   30      0.07     0.17    0.43  [0.43,0.43]
   30   32   5   28      0.28     0.33    0.83  [0.71,0.90]
   30   32   7   26      0.72     0.77    0.94  [0.85,1.27]
   30   32   9   24      1.04     1.10    0.95  [0.70,1.33]
   30   32  11   22      1.50     1.57    0.96  [0.79,1.33]
   30   64   3   62      0.89     1.72    0.52  [0.29,0.59]
   30   64   5   60      4.08     3.95    1.03  [0.92,1.16]
   30   64   7   58      8.26    10.90    0.76  [0.69,0.82]
   30   64   9   56     13.33    14.73    0.91  [0.68,0.94]
   30   64  11   54     21.29    24.23    0.88  [0.86,0.91]
   60   16   3   14      0.03     0.07    0.36  [0.36,0.40]
   60   16   5   12      0.05     0.07    0.74  [0.60,0.75]
   60   16   7   10      0.07     0.09    0.75  [0.75,0.76]
   60   16   9    8      0.07     0.09    0.79  [0.67,0.79]
   60   16  11    6      0.09     0.14    0.63  [0.63,0.68]
   60   32   3   30      0.14     0.33    0.42  [0.42,0.47]
   60   32   5   28      0.83     0.90    0.92  [0.87,1.21]
   60   32   7   26      1.46     1.59    0.92  [0.76,1.24]
   60   32   9   24      2.32     2.30    1.01  [0.87,1.66]
   60   32  11   22      3.04     3.11    0.98  [0.89,1.41]
   60   64   3   62      1.72     3.55    0.48  [0.47,0.74]
   60   64   5   60      7.44     8.30    0.90  [0.81,0.93]
   60   64   7   58     15.70    18.45    0.85  [0.79,0.92]
   60   64   9   56     26.27    30.06    0.87  [0.84,0.95]
   60   64  11   54     41.89    48.51    0.86  [0.85,0.88]
  120   16   3   14      0.04     0.08    0.44  [0.43,0.51]
  120   16   5   12      0.09     0.12    0.78  [0.69,0.82]
  120   16   7   10      0.14     0.16    0.86  [0.80,0.86]
  120   16   9    8      0.13     0.19    0.72  [0.69,0.82]
  120   16  11    6      0.12     0.16    0.75  [0.75,0.85]
  120   32   3   30      0.38     0.80    0.48  [0.38,0.49]
  120   32   5   28      1.58     1.70    0.93  [0.78,1.06]
  120   32   7   26      2.94     3.14    0.94  [0.86,1.00]
  120   32   9   24      4.59     4.81    0.95  [0.90,1.06]
  120   32  11   22      6.35     6.72    0.95  [0.85,1.00]
  120   64   3   62      3.46     7.31    0.47  [0.37,0.60]
  120   64   5   60     14.41    17.89    0.81  [0.67,0.87]
  120   64   7   58     32.00    36.05    0.89  [0.86,0.91]
  120   64   9   56     54.09    59.50    0.91  [0.88,0.92]
  120   64  11   54     87.20    93.92    0.93  [0.93,0.93]
  240   16   3   14      0.06     0.15    0.42  [0.42,0.62]
  240   16   5   12      0.18     0.22    0.81  [0.79,0.81]
  240   16   7   10      0.27     0.32    0.84  [0.74,0.86]
  240   16   9    8      0.25     0.28    0.88  [0.72,1.24]
  240   16  11    6      0.23     0.29    0.78  [0.60,1.01]
  240   32   3   30      0.83     1.69    0.49  [0.44,0.50]
  240   32   5   28      3.23     3.30    0.98  [0.84,1.03]
  240   32   7   26      6.04     6.73    0.90  [0.79,0.96]
  240   32   9   24      8.55    10.24    0.84  [0.65,0.95]
  240   32  11   22     11.72    14.10    0.83  [0.70,0.91]
  240   64   3   62      7.57    15.57    0.49  [0.46,0.61]
  240   64   5   60     29.10    35.37    0.82  [0.74,0.84]
  240   64   7   58     64.21    70.56    0.91  [0.89,0.92]
  240   64   9   56    107.36   118.92    0.90  [0.90,0.91]
  240   64  11   54    173.72   186.07    0.93  [0.93,0.94]

dense: windowed wins in 26/60 configurations
  best: C=30 sp=16 k=11 -> 2.36x

depthwise: windowed wins in 2/60 configurations
  best: C=30 sp=64 k=5 -> 1.03x
rule 'never wins at k=3': VIOLATED over 12 cells, worst trial 1.15
rule 'always wins at C>=240, k>=5': VIOLATED over 12 cells, worst trial 0.83
