/opt/dlbench/.venv/lib/python3.12/site-packages/torch/_subclasses/functional_tensor.py:307: UserWarning: Failed to initialize NumPy: No module named 'numpy' (Triggered internally at /pytorch/torch/csrc/utils/tensor_numpy.cpp:84.)
  cpu = _conversion_method_template(device=torch.device("cpu"))
    C  sp  k |           fwd only |            fwd+bwd | shift
             |    cuDNN     ratio |    cuDNN     ratio |
   30  16  3 |     0.06      0.68 |     0.56      0.68 |  +0.01 | mem x 2.16
   30  16  5 |     0.07      0.49 |     0.72      0.78 |  +0.29 | mem x 3.27
   30  16  7 |     0.13      0.91 |     0.53      0.43 |  -0.47 | mem x 1.04
   30  16  9 |     0.24      1.84 |     0.73      0.54 |  -1.30 | mem x 1.35
   30  16 11 |     0.38      2.27 |     1.18      0.97 |  -1.30 | mem x 1.02
   30  32  3 |     0.05      0.51 |     0.44      0.44 |  -0.07 | mem x 1.88
   30  32  5 |     0.14      0.56 |     0.59      0.58 |  +0.01 | mem x 1.65
   30  32  7 |     0.30      0.60 |     0.98      0.67 |  +0.06 | mem x 1.17
   30  32  9 |     0.45      0.80 |     1.79      1.10 |  +0.30 | mem x 0.77
   30  32 11 |     0.64      0.85 |     3.06      1.31 |  +0.46 | mem x 0.50
   30  64  3 |     0.35      0.45 |     1.38      0.62 |  +0.18 | mem x 2.14
   30  64  5 |     1.04      0.49 |     3.41      0.60 |  +0.11 | mem x 2.85
   30  64  7 |     2.48      0.58 |     7.59      0.67 |  +0.09 | mem x 3.22
   30  64  9 |     4.54      0.73 |    14.43      0.81 |  +0.08 | mem x 3.12
   30  64 11 |     7.48      0.75 |    24.36      0.90 |  +0.15 | mem x 2.74
   60  16  3 |     0.04      0.43 |     0.32      0.62 |  +0.18 | mem x 1.70
   60  16  5 |     0.08      0.80 |     0.50      1.02 |  +0.22 | mem x 2.27
   60  16  7 |     0.16      0.73 |     0.54      0.57 |  -0.15 | mem x 2.40
   60  16  9 |     0.30      1.31 |     0.81      0.92 |  -0.39 | mem x 1.55
   60  16 11 |     0.55      1.38 |     1.35      1.28 |  -0.10 | mem x 1.29
   60  32  3 |     0.13      0.65 |     0.52      0.78 |  +0.13 | mem x 2.12
   60  32  5 |     0.38      0.80 |     1.33      0.90 |  +0.10 | mem x 2.90
   60  32  7 |     0.91      0.93 |     2.80      0.90 |  -0.03 | mem x 3.34
   60  32  9 |     1.26      0.91 |     4.94      1.05 |  +0.14 | mem x 3.27
   60  32 11 |     1.95      0.96 |     8.66      1.25 |  +0.29 | mem x 2.91
   60  64  3 |     1.02      0.55 |     3.57      0.63 |  +0.08 | mem x 2.15
   60  64  5 |     3.08      0.72 |    10.51      0.79 |  +0.07 | mem x 3.13
   60  64  7 |     7.02      0.82 |    24.01      0.87 |  +0.05 | mem x 4.06
   60  64  9 |    13.28      0.93 |    46.09      0.92 |  -0.02 | mem x 4.88
   60  64 11 |    22.20      0.95 |    77.49      0.96 |  +0.02 | mem x 5.50
  120  16  3 |     0.06      0.73 |     0.37      0.78 |  +0.05 | mem x 1.65
  120  16  5 |     0.18      1.24 |     0.66      0.77 |  -0.47 | mem x 0.90
  120  16  7 |     0.33      1.00 |     1.30      1.32 |  +0.32 | mem x 0.59
  120  16  9 |     0.45      1.01 |     2.29      1.65 |  +0.64 | mem x 1.32
  120  16 11 |     0.78      1.85 |     3.54      2.33 |  +0.48 | mem x 1.17
  120  32  3 |     0.38      0.78 |     1.24      0.83 |  +0.05 | mem x 2.09
  120  32  5 |     1.53      1.11 |     4.35      0.94 |  -0.17 | mem x 2.35
  120  32  7 |     3.31      1.14 |    10.04      1.09 |  -0.05 | mem x 2.17
  120  32  9 |     5.55      1.25 |    18.46      1.23 |  -0.02 | mem x 1.58
  120  32 11 |     7.55      1.17 |    30.60      1.36 |  +0.19 | mem x 1.19
  120  64  3 |     3.26      0.73 |    11.04      0.81 |  +0.09 | mem x 2.17
  120  64  5 |    13.49      1.08 |    38.85      0.97 |  -0.11 | mem x 3.13
  120  64  7 |    33.14      1.17 |    93.37      1.02 |  -0.15 | mem x 2.77
  120  64  9 |    63.52      1.23 |   181.74      1.07 |  -0.16 | mem x 4.18
  120  64 11 |   104.50      1.24 |   303.73      1.09 |  -0.15 | mem x 4.20
  240  16  3 |     0.19      0.92 |     0.56      0.60 |  -0.31 | mem x 1.88
  240  16  5 |     0.45      1.00 |     1.63      1.00 |  -0.00 | mem x 1.58
  240  16  7 |     0.74      1.08 |     3.63      1.23 |  +0.16 | mem x 1.34
  240  16  9 |     1.16      0.88 |     6.75      1.46 |  +0.57 | mem x 1.17
  240  16 11 |     1.76      0.74 |    11.34      1.71 |  +0.97 | mem x 1.09
  240  32  3 |     1.28      0.84 |     4.34      0.90 |  +0.06 | mem x 2.11
  240  32  5 |     4.57      0.92 |    14.97      0.97 |  +0.05 | mem x 2.75
  240  32  7 |    10.11      1.02 |    34.95      1.06 |  +0.03 | mem x 2.12
  240  32  9 |    16.99      1.03 |    64.06      1.15 |  +0.13 | mem x 2.49
  240  32 11 |    26.17      1.07 |   112.48      1.34 |  +0.27 | mem x 2.11
  240  64  3 |    11.33      0.86 |    38.21      0.96 |  +0.10 | mem x 2.16
  240  64  5 |    43.91      0.99 |   136.82      0.99 |  -0.00 | mem x 3.20
  240  64  7 |   105.23      1.02 |   335.39      1.00 |  -0.02 | mem x 3.57
  240  64  9 |   203.40      1.05 |   645.72      1.03 |  -0.02 | mem x 4.60
  240  64 11 |   336.45      1.07 |  1091.10      1.04 |  -0.02 | mem x 4.90

configurations measured: 60
  windowed wins on forward only    : 23
  windowed wins on a training step : 23
  geometric mean ratio, forward    : 0.892
  geometric mean ratio, step       : 0.923
  configurations improving in training: 37/60
  median shift: +0.049

prediction 'the crossover moves earlier in training': CONFIRMED
  peak training memory, windowed over cuDNN: median 2.16x, worst 5.50x
  (the buffer that is reused across both passes must also be retained across them)

backward pass alone, inferred as step minus forward (60 configurations):
  geometric mean ratio, backward   : 0.937
  spread of forward ratios         : 0.43 to 2.27
  spread of backward ratios        : 0.37 to 2.51
  windowed wins on backward        : 23/60
  (forward baseline is no_grad, so this slightly overstates the backward for both algorithms)
  smallest winning kernel, forward only: median 6 over 8 shapes that cross at all
  smallest winning kernel, training step: median 7 over 9 shapes that cross at all
