    C  sp  k |           fwd only |            fwd+bwd | shift
             |    cuDNN     ratio |    cuDNN     ratio |
   30  16  3 |     0.05      0.42 |     0.56      0.67 |  +0.25 | mem x 1.89
   30  16  5 |     0.09      0.82 |     0.57      0.88 |  +0.06 | mem x 1.82
   30  16  7 |     0.19      1.02 |     0.57      0.72 |  -0.30 | mem x 0.68
   30  16  9 |     0.35      1.86 |     0.82      0.80 |  -1.06 | mem x 2.44
   30  16 11 |     0.60      2.34 |     1.31      1.31 |  -1.03 | mem x 1.55
   30  32  3 |     0.10      0.56 |     0.54      0.79 |  +0.23 | mem x 2.15
   30  32  5 |     0.30      0.61 |     1.12      0.73 |  +0.11 | mem x 2.85
   30  32  7 |     0.61      0.60 |     2.45      0.77 |  +0.17 | mem x 3.16
   30  32  9 |     1.00      0.66 |     4.26      0.91 |  +0.25 | mem x 2.30
   30  32 11 |     1.72      0.70 |     7.34      1.06 |  +0.35 | mem x 1.80
   30  64  3 |     1.07      0.48 |     3.85      0.62 |  +0.14 | mem x 2.17
   30  64  5 |     3.44      0.55 |    11.46      0.65 |  +0.10 | mem x 3.14
   30  64  7 |     8.15      0.60 |    26.31      0.75 |  +0.15 | mem x 4.22
   30  64  9 |    15.19      0.76 |    50.70      0.83 |  +0.07 | mem x 5.08
   30  64 11 |    24.84      0.78 |    80.06      0.85 |  +0.07 | mem x 4.45
   60  16  3 |     0.06      0.49 |     0.52      0.71 |  +0.22 | mem x 2.02
   60  16  5 |     0.14      0.89 |     0.56      0.75 |  -0.14 | mem x 2.27
   60  16  7 |     0.24      0.72 |     1.02      1.22 |  +0.49 | mem x 1.95
   60  16  9 |     0.41      1.16 |     1.93      1.59 |  +0.43 | mem x 1.55
   60  16 11 |     0.76      1.79 |     3.25      1.87 |  +0.09 | mem x 1.29
   60  32  3 |     0.28      0.68 |     1.20      0.64 |  -0.03 | mem x 2.16
   60  32  5 |     1.29      0.85 |     3.70      0.91 |  +0.05 | mem x 2.30
   60  32  7 |     2.39      0.82 |     7.76      0.94 |  +0.12 | mem x 1.70
   60  32  9 |     4.88      1.33 |    18.37      1.35 |  +0.02 | mem x 4.17
   60  32 11 |     7.19      1.15 |    29.23      1.41 |  +0.26 | mem x 3.58
   60  64  3 |     2.76      0.40 |    10.46      0.65 |  +0.24 | mem x 2.11
   60  64  5 |    13.19      0.97 |    35.76      0.90 |  -0.06 | mem x 2.86
   60  64  7 |    25.89      0.87 |    82.28      0.94 |  +0.07 | mem x 4.12
   60  64  9 |    52.14      1.20 |   159.56      1.06 |  -0.13 | mem x 5.25
   60  64 11 |    85.38      1.08 |   262.32      0.97 |  -0.10 | mem x 2.97
  120  16  3 |     0.12      0.83 |     0.47      0.67 |  -0.16 | mem x 1.71
  120  16  5 |     0.35      0.97 |     1.63      1.28 |  +0.32 | mem x 1.42
  120  16  7 |     0.50      0.93 |     3.11      1.34 |  +0.42 | mem x 1.02
  120  16  9 |     0.97      1.22 |     5.66      1.69 |  +0.47 | mem x 1.32
  120  16 11 |     1.70      1.82 |     9.42      2.22 |  +0.40 | mem x 1.17
  120  32  3 |     1.41      0.80 |     3.47      0.80 |  -0.00 | mem x 2.09
  120  32  5 |     4.73      0.96 |    13.14      0.98 |  +0.02 | mem x 2.95
  120  32  7 |     7.82      0.79 |    28.06      0.92 |  +0.14 | mem x 2.72
  120  32  9 |    13.62      0.84 |    51.61      0.98 |  +0.14 | mem x 0.86
  120  32 11 |    19.96      0.77 |    89.31      1.08 |  +0.31 | mem x 2.83
  120  64  3 |     9.17      0.67 |    28.07      0.73 |  +0.06 | mem x 2.16
  120  64  5 |    49.84      1.24 |   121.17      1.01 |  -0.23 | mem x 2.69
  120  64  7 |    98.11      1.05 |   272.85      0.99 |  -0.05 | mem x 2.71
  120  64  9 |   216.45      1.27 |   576.93      1.09 |  -0.19 | mem x 2.38
  120  64 11 |   395.69      1.43 |  1068.39      1.21 |  -0.22 | mem x 1.88
  240  16  3 |     0.33      0.83 |     1.65      1.05 |  +0.22 | mem x 1.88
  240  16  5 |     1.58      1.27 |     5.52      1.32 |  +0.05 | mem x 1.58
  240  16  7 |     2.26      0.74 |    11.92      1.41 |  +0.66 | mem x 1.34
  240  16  9 |     2.72      1.01 |    20.98      1.71 |  +0.71 | mem x 1.17
  240  16 11 |     4.10      1.54 |    35.46      2.51 |  +0.97 | mem x 1.09
  240  32  3 |     4.31      0.83 |    12.52      0.94 |  +0.11 | mem x 2.08
  240  32  5 |    18.10      1.07 |    46.97      0.99 |  -0.08 | mem x 2.88
  240  32  7 |    30.54      1.05 |    98.90      0.99 |  -0.06 | mem x 2.12
  240  32  9 |    54.99      1.07 |   193.84      1.10 |  +0.03 | mem x 1.53
  240  32 11 |    95.71      1.23 |   343.01      1.24 |  +0.02 | mem x 1.00
  240  64  3 |    30.91      0.79 |    95.99      0.83 |  +0.04 | mem x 2.17
  240  64  5 |   190.87      1.45 |   449.66      1.12 |  -0.33 | mem x 3.01
  240  64  7 |   531.46      1.63 |  1203.44      1.20 |  -0.42 | mem x 3.57
  240  64  9 |  1107.51      1.79 |  2360.90      1.20 |  -0.58 | mem x 3.72
  240  64 11 |  1828.72      1.70 |  4061.02      1.19 |  -0.51 | mem x 3.52

configurations measured: 60
  windowed wins on forward only    : 26
  windowed wins on a training step : 27
  geometric mean ratio, forward    : 0.940
  geometric mean ratio, step       : 1.015
  configurations improving in training: 40/60
  median shift: +0.068

prediction 'the crossover moves earlier in training': CONFIRMED
  peak training memory, windowed over cuDNN: median 2.16x, worst 5.25x
  (the buffer that is reused across both passes must also be retained across them)
  smallest winning kernel, forward only: median 7 over 9 shapes that cross at all
  smallest winning kernel, training step: median 9 over 11 shapes that cross at all
